<!doctype html>
<html lang="en">
  <head>
    <!-- Required meta tags -->
    <meta charset="utf-8">
    <meta name="viewport" content="width=device-width, initial-scale=1, shrink-to-fit=no">

   <!--  Bootstrap CSS
   <link rel="stylesheet" href="https://stackpath.bootstrapcdn.com/bootstrap/4.2.1/css/bootstrap.min.css" integrity="sha384-GJzZqFGwb1QTTN6wy59ffF1BuGJpLSa9DkKMp0DgiMDm4iYMj70gZWKYbI706tWS" crossorigin="anonymous"> -->
    <link rel="stylesheet" href="build/css/style.css">

    <title>Hello, world!</title>
  </head>
  <body>
    <header class="header" id="header">
      	<div class="container">
      		<div class="head">
	            <img src="build/img/logo.png" alt="Golden" class="logo">
	            <nav>
	              	<ul class="menu">
	                	<li class="menu__item"><a href="#">Home</a></li>
	               	 	<li class="menu__item"><a href="#">Services</a></li>
	                	<li class="menu__item"><a href="#">Portfolio</a></li>
	                	<li class="menu__item"><a href="#">About</a></li>
	                	<li class="menu__item"><a href="#">Contact</a></li>
	              	</ul>
	            </nav>
            </div>

            <div class="titles">
            	<div class="titles__first">
            		Welcome To Our Studio!
            	</div>

            	<h1 class="titles__main">
            		It’s nice to Meet you
            	</h1>

            	<button class="titles__btn">
            		Tell Me More
            	</button>
            </div>
       	</div>
    </header>
      
    <section class="types-services" id="types-services">
      <div class="container">
      	<div class="title">
      		<h2 class="title__main">
      			Services
      		</h2>

      		<p class="title__text">
      			Proin iaculis purus consequat sem cure. 
      		</p>
      	</div>

		<div class="container-services">
	      	<div class="services">
	      		<img src="build/img/icon1.png" alt="trashcan" class="services__img">
	      		<h3 class="services__title">
	      			E-Commerce
	      		</h3>
	      		<p class="services__text">
	      			Proin iaculis purus consequat sem cure 
					digni ssim. Donec porttitora entum suscipit 
					aenean rhoncus posuere odio in tincidunt.
	      		</p>
	      	</div>

	      	<div class="services">
	      		<img src="build/img/icon2.png" alt="laptop" class="services__img">
	      		<h3 class="services__title">
	      			Responsive Web
	      		</h3>
	      		<p class="services__text">
	      			Proin iaculis purus consequat sem cure 
					digni ssim. Donec porttitora entum suscipit 
					aenean rhoncus posuere odio in tincidunt.
	      		</p>
	      	</div>

	      	<div class="services">
	      		<img src="build/img/icon3.png" alt="castle" class="services__img">
	      		<h3 class="services__title">
	      			Web Security
	      		</h3>
	      		<p class="services__text">
	      			Proin iaculis purus consequat sem cure 
					digni ssim. Donec porttitora entum suscipit 
					aenean rhoncus posuere odio in tincidunt.
	      		</p>
	      	</div>
      	</div>
      </div>
    </section>
     
    <section class="images" id="images">
      	<div class="container">
     		<div class="title">
	      		<h2 class="title__main">
	      			Our portfolio
	      		</h2>

	      		<p class="title__text">
	      			Proin iaculis purus consequat sem cure.
	      		</p>
      		</div>

      		<div class="portfolio">
      			<img src="build/img/img1.jpg" alt="work1" class="portfolio__img">
      			<img src="build/img/img2.jpg" alt="work2" class="portfolio__img">
      			<img src="build/img/img3.jpg" alt="work3" class="portfolio__img">
      		</div>
     	</div>
    </section>
    
    <section class="about" id="about">
     	<div class="container">
      		<div class="title">
	      		<h2 class="title__main">
	      			About Us
	      		</h2>

	      		<p class="title__text">
	      			Proin iaculis purus consequat sem cure.
	      		</p>
      		</div>

      		<div class="block">
      		<div class="case">
      			<div class="content">
      				<h4 class="content__date">
      					July 2010		<br>
						Our Humble Beginnings
      				</h4>
      				<p class="content__text">
      					Proin iaculis purus consequat sem cure 
						digni ssim. Donec porttitora entum suscipit 
						aenean rhoncus posuere odio in tincidunt. Proin 
						iaculis purus consequat sem cure digni 
						ssim. Donec porttitora entum suscipit.
      				</p>
      			</div>
      			<img src="build/img/about1.jpg" alt="table" class="places">
      		</div>

      		<div class="case">
      			<div class="content left">
      				<h4 class="content__date">
      					January 2011	<br>
						Facing Startup Battles
						
      				</h4>
      				<p class="content__text">
      					Proin iaculis purus consequat sem cure 
						digni ssim. Donec porttitora entum suscipit 
						aenean rhoncus posuere odio in tincidunt. Proin 
						iaculis purus consequat sem cure digni 
						ssim. Donec porttitora entum suscipit.
      				</p>
      			</div>
      			<img src="build/img/about2.jpg" alt="coast" class="places">
      		</div>

      		<div class="case">
      			<div class="content">
      				<h4 class="content__date">
      					December 2012	<br>
						Enter The Dark Days
      				</h4>
      				<p class="content__text">
      					Proin iaculis purus consequat sem cure 
						digni ssim. Donec porttitora entum suscipit 
						aenean rhoncus posuere odio in tincidunt. Proin 
						iaculis purus consequat sem cure digni 
						ssim. Donec porttitora entum suscipit.
      				</p>
      			</div>
      			<img src="build/img/about3.jpg" alt="concert" class="places">
      		</div>

      		<div class="case">
      			<div class="content left">
      				<h4 class="content__date">
      					February 2014	<br>
						Our Triumph

      				</h4>
      				<p class="content__text">
      					Proin iaculis purus consequat sem cure 
						digni ssim. Donec porttitora entum suscipit 
						aenean rhoncus posuere odio in tincidunt. Proin 
						iaculis purus consequat sem cure digni 
						ssim. Donec porttitora entum suscipit.
      				</p>
      			</div>
      			<img src="build/img/about4.jpg" alt="аdventure" class="places">
      		</div>
      		</div>
     	</div>
    </section>

    <footer class="footer" id="footer">
      	<div class="container">
      		<div class="footer__text">
      			© Copyright 2014 FreebiesXpress.com
      		</div>
      	</div>
    </footer>
  </body>
</html>